2025-04-08 15:54:41,271 - INFO - [56177] - root - Initializing application
2025-04-08 15:54:41,271 - INFO - [56177] - root - Setting up database connection to postgresql://postgres:7987@localhost:5432/Voice_Recognition
2025-04-08 15:54:41,331 - INFO - [56177] - root - Database setup successful
2025-04-08 15:54:41,331 - INFO - [56177] - root - Starting Flask server on port 8586
2025-04-08 15:54:41,350 - WARNING - [56177] - werkzeug -  * Debugger is active!
2025-04-08 15:54:41,356 - INFO - [56177] - werkzeug -  * Debugger PIN: 137-071-496
2025-04-08 15:54:43,739 - INFO - [56177] - root - Serving index page
2025-04-08 15:54:43,763 - INFO - [56177] - werkzeug - 127.0.0.1 - - [08/Apr/2025 15:54:43] "GET / HTTP/1.1" 200 -
2025-04-08 15:54:52,294 - INFO - [56177] - root - Received upload request
2025-04-08 15:54:52,296 - INFO - [56177] - root - Upload parameters: language=ar, streaming=False
2025-04-08 15:54:52,297 - INFO - [56177] - root - File saved to uploads/1aac3d63b4764939aa9b10e6d1f12081.m4a
2025-04-08 15:54:52,297 - INFO - [56177] - root - Starting batch processing mode
2025-04-08 15:54:52,297 - INFO - [56177] - root - Setting up database connection to postgresql://postgres:7987@localhost:5432/Voice_Recognition
2025-04-08 15:54:52,322 - INFO - [56177] - root - Database setup successful
2025-04-08 15:54:52,322 - INFO - [56177] - root - Database session initialized
2025-04-08 15:54:52,322 - INFO - [56177] - root - Starting audio preprocessing
2025-04-08 15:54:54,701 - INFO - [56177] - root - Audio preprocessing completed in 2.3783 seconds
2025-04-08 15:54:54,701 - INFO - [56177] - root - Starting audio transcription in ar
2025-04-08 15:54:54,701 - INFO - [56177] - root - Starting parallel audio processing with 3 workers
2025-04-08 15:54:54,701 - INFO - [56177] - root - Splitting audio file /var/folders/9h/zs4mvmp91456_d2n2hqf6wzc0000gn/T/tmp4bzaw16g/processed_audio.wav into chunks of 20000ms
2025-04-08 15:54:54,870 - INFO - [56177] - root - Created 2 audio chunks
2025-04-08 15:54:54,873 - INFO - [56177] - root - Processing audio chunk: /var/folders/9h/zs4mvmp91456_d2n2hqf6wzc0000gn/T/tmp4bzaw16g/processed_audio.wav_chunk_0.wav
2025-04-08 15:54:54,873 - INFO - [56177] - root - Processing audio chunk: /var/folders/9h/zs4mvmp91456_d2n2hqf6wzc0000gn/T/tmp4bzaw16g/processed_audio.wav_chunk_20000.wav
2025-04-08 15:55:30,527 - INFO - [56177] - httpx - HTTP Request: POST https://api.groq.com/openai/v1/audio/transcriptions "HTTP/1.1 200 OK"
2025-04-08 15:55:30,537 - INFO - [56177] - root - Removed chunk /var/folders/9h/zs4mvmp91456_d2n2hqf6wzc0000gn/T/tmp4bzaw16g/processed_audio.wav_chunk_0.wav
2025-04-08 15:55:30,538 - INFO - [56177] - root - Chunk 0 processing completed
2025-04-08 15:55:30,780 - INFO - [56177] - httpx - HTTP Request: POST https://api.groq.com/openai/v1/audio/transcriptions "HTTP/1.1 502 Bad Gateway"
2025-04-08 15:55:30,782 - INFO - [56177] - groq._base_client - Retrying request to /openai/v1/audio/transcriptions in 0.396036 seconds
2025-04-08 15:55:35,544 - INFO - [56177] - httpx - HTTP Request: POST https://api.groq.com/openai/v1/audio/transcriptions "HTTP/1.1 200 OK"
2025-04-08 15:55:35,676 - INFO - [56177] - root - Removed chunk /var/folders/9h/zs4mvmp91456_d2n2hqf6wzc0000gn/T/tmp4bzaw16g/processed_audio.wav_chunk_20000.wav
2025-04-08 15:55:35,677 - INFO - [56177] - root - Chunk 1 processing completed
2025-04-08 15:55:35,678 - INFO - [56177] - root - Parallel processing completed, combined text length: 339
2025-04-08 15:55:35,681 - INFO - [56177] - root - Audio transcription completed in 40.9800 seconds, text length: 339
2025-04-08 15:55:35,686 - INFO - [56177] - root - Starting LLM processing
2025-04-08 15:55:50,115 - INFO - [56177] - httpx - HTTP Request: POST https://api.fireworks.ai/inference/v1/completions "HTTP/1.1 200 OK"
2025-04-08 15:55:50,120 - INFO - [56177] - root - LLM processing completed in 14.4340 seconds
2025-04-08 15:55:50,120 - INFO - [56177] - root - Parsing refined text
2025-04-08 15:55:50,120 - ERROR - [56177] - root - Error in batch processing: Failed to parse refined text: name 'output_text' is not defined
Traceback (most recent call last):
  File "/Users/muhammedamr/Desktop/AHBS/Voice recognition/src/text_parser.py", line 8, in parse_refined_text_voice
    refined_section = re.search(r"# SECTION 1: REFINED ARABIC TEXT(.*?)# SECTION 2:", output_text, re.DOTALL)
                                                                                      ^^^^^^^^^^^
NameError: name 'output_text' is not defined

During handling of the above exception, another exception occurred:

Traceback (most recent call last):
  File "/Users/muhammedamr/Desktop/AHBS/Voice recognition/test.py", line 421, in upload
    parsed_text, translate, json_data, reasoning = parse_refined_text_voice(refined_text)
                                                   ^^^^^^^^^^^^^^^^^^^^^^^^^^^^^^^^^^^^^^
  File "/Users/muhammedamr/Desktop/AHBS/Voice recognition/src/text_parser.py", line 31, in parse_refined_text_voice
    raise Exception(f"Failed to parse refined text: {str(e)}")
Exception: Failed to parse refined text: name 'output_text' is not defined
2025-04-08 15:55:50,129 - INFO - [56177] - root - Database session rolled back
2025-04-08 15:55:50,129 - INFO - [56177] - root - Cleaned up file uploads/1aac3d63b4764939aa9b10e6d1f12081.m4a
2025-04-08 15:55:50,132 - INFO - [56177] - root - Removed processed file /var/folders/9h/zs4mvmp91456_d2n2hqf6wzc0000gn/T/tmp4bzaw16g/processed_audio.wav
2025-04-08 15:55:50,136 - INFO - [56177] - root - Database session closed
2025-04-08 15:55:50,139 - INFO - [56177] - werkzeug - 127.0.0.1 - - [08/Apr/2025 15:55:50] "[35m[1mPOST /upload HTTP/1.1[0m" 500 -
2025-04-08 16:11:12,860 - INFO - [56177] - werkzeug -  * Detected change in '/Users/muhammedamr/Desktop/AHBS/Voice recognition/src/text_parser.py', reloading
