2025-04-10 14:17:10,970 - INFO - [89177] - root - Initializing application
2025-04-10 14:17:10,971 - INFO - [89177] - root - Setting up database connection to postgresql://postgres:7987@localhost:5432/Voice_Recognition
2025-04-10 14:17:11,069 - INFO - [89177] - root - Database setup successful
2025-04-10 14:17:11,069 - INFO - [89177] - root - Starting Flask server on port 8586
2025-04-10 14:17:11,094 - WARNING - [89177] - werkzeug -  * Debugger is active!
2025-04-10 14:17:11,101 - INFO - [89177] - werkzeug -  * Debugger PIN: 137-071-496
2025-04-10 14:17:15,415 - INFO - [89177] - root - Received upload request
2025-04-10 14:17:15,417 - INFO - [89177] - root - Upload parameters: language=ar, streaming=False,conversational mode=True
2025-04-10 14:17:15,418 - INFO - [89177] - root - File saved to uploads/12e077e33bc74cb29d253c2efb691abd.m4a
2025-04-10 14:17:15,418 - INFO - [89177] - root - Starting batch processing mode
2025-04-10 14:17:15,418 - INFO - [89177] - root - Setting up database connection to postgresql://postgres:7987@localhost:5432/Voice_Recognition
2025-04-10 14:17:15,449 - INFO - [89177] - root - Database setup successful
2025-04-10 14:17:15,449 - INFO - [89177] - root - Database session initialized
2025-04-10 14:17:15,449 - INFO - [89177] - root - Starting audio preprocessing
2025-04-10 14:17:17,430 - INFO - [89177] - root - Audio preprocessing completed in 1.9808 seconds
2025-04-10 14:17:17,430 - INFO - [89177] - root - Starting audio transcription in ar
2025-04-10 14:17:17,430 - INFO - [89177] - root - Starting parallel audio processing with 3 workers
2025-04-10 14:17:17,430 - INFO - [89177] - root - Splitting audio file /var/folders/9h/zs4mvmp91456_d2n2hqf6wzc0000gn/T/tmp35hmzk4w/processed_audio.wav into chunks of 20000ms
2025-04-10 14:17:17,441 - INFO - [89177] - root - Created 3 audio chunks
2025-04-10 14:17:17,443 - INFO - [89177] - root - Processing audio chunk: /var/folders/9h/zs4mvmp91456_d2n2hqf6wzc0000gn/T/tmp35hmzk4w/processed_audio.wav_chunk_0.wav
2025-04-10 14:17:17,443 - INFO - [89177] - root - Processing audio chunk: /var/folders/9h/zs4mvmp91456_d2n2hqf6wzc0000gn/T/tmp35hmzk4w/processed_audio.wav_chunk_20000.wav
2025-04-10 14:17:17,444 - INFO - [89177] - root - Processing audio chunk: /var/folders/9h/zs4mvmp91456_d2n2hqf6wzc0000gn/T/tmp35hmzk4w/processed_audio.wav_chunk_40000.wav
2025-04-10 14:17:20,969 - INFO - [89177] - httpx - HTTP Request: POST https://api.groq.com/openai/v1/audio/transcriptions "HTTP/1.1 200 OK"
2025-04-10 14:17:20,973 - INFO - [89177] - root - Removed chunk /var/folders/9h/zs4mvmp91456_d2n2hqf6wzc0000gn/T/tmp35hmzk4w/processed_audio.wav_chunk_40000.wav
2025-04-10 14:17:22,334 - INFO - [89177] - httpx - HTTP Request: POST https://api.groq.com/openai/v1/audio/transcriptions "HTTP/1.1 200 OK"
2025-04-10 14:17:22,337 - INFO - [89177] - root - Removed chunk /var/folders/9h/zs4mvmp91456_d2n2hqf6wzc0000gn/T/tmp35hmzk4w/processed_audio.wav_chunk_0.wav
2025-04-10 14:17:22,337 - INFO - [89177] - root - Chunk 0 processing completed
2025-04-10 14:17:23,001 - INFO - [89177] - httpx - HTTP Request: POST https://api.groq.com/openai/v1/audio/transcriptions "HTTP/1.1 200 OK"
2025-04-10 14:17:23,002 - INFO - [89177] - root - Removed chunk /var/folders/9h/zs4mvmp91456_d2n2hqf6wzc0000gn/T/tmp35hmzk4w/processed_audio.wav_chunk_20000.wav
2025-04-10 14:17:23,002 - INFO - [89177] - root - Chunk 1 processing completed
2025-04-10 14:17:23,002 - INFO - [89177] - root - Chunk 2 processing completed
2025-04-10 14:17:23,002 - INFO - [89177] - root - Parallel processing completed, combined text length: 581
2025-04-10 14:17:23,003 - INFO - [89177] - root - Audio transcription completed in 5.5725 seconds, text length: 581
2025-04-10 14:17:23,003 - INFO - [89177] - root - Starting LLM processing
2025-04-10 14:17:26,483 - INFO - [89177] - httpx - HTTP Request: POST https://api.fireworks.ai/inference/v1/completions "HTTP/1.1 200 OK"
2025-04-10 14:17:26,490 - INFO - [89177] - root - LLM refining processing completed in 3.4871 seconds
2025-04-10 14:17:26,490 - INFO - [89177] - root - Starting LLM processing
2025-04-10 14:17:29,467 - INFO - [89177] - httpx - HTTP Request: POST https://api.fireworks.ai/inference/v1/completions "HTTP/1.1 200 OK"
2025-04-10 14:17:29,468 - INFO - [89177] - root - LLM translation processing completed in 2.9782 seconds
2025-04-10 14:17:29,468 - INFO - [89177] - root - Starting LLM processing
2025-04-10 14:17:34,290 - INFO - [89177] - httpx - HTTP Request: POST https://api.fireworks.ai/inference/v1/completions "HTTP/1.1 200 OK"
2025-04-10 14:17:34,295 - INFO - [89177] - root - LLM processing completed in 4.8262 seconds
2025-04-10 14:17:34,295 - INFO - [89177] - root - Parsing refined text
2025-04-10 14:17:34,296 - INFO - [89177] - root - Total processing completed in 18.8466 seconds
2025-04-10 14:17:34,297 - INFO - [89177] - root - Removed processed file /var/folders/9h/zs4mvmp91456_d2n2hqf6wzc0000gn/T/tmp35hmzk4w/processed_audio.wav
2025-04-10 14:17:34,297 - INFO - [89177] - root - Saving results to database
2025-04-10 14:17:34,328 - INFO - [89177] - root - Results saved to database with ID 205
2025-04-10 14:17:34,329 - INFO - [89177] - root - Database session closed
2025-04-10 14:17:34,330 - INFO - [89177] - werkzeug - 127.0.0.1 - - [10/Apr/2025 14:17:34] "POST /upload HTTP/1.1" 200 -
2025-04-10 14:18:10,606 - INFO - [89177] - root - Received upload request
2025-04-10 14:18:10,610 - INFO - [89177] - root - Upload parameters: language=ar, streaming=False,conversational mode=True
2025-04-10 14:18:10,612 - INFO - [89177] - root - File saved to uploads/4e1d94113b2945fb99c204e7a918727a.m4a
2025-04-10 14:18:10,612 - INFO - [89177] - root - Starting batch processing mode
2025-04-10 14:18:10,612 - INFO - [89177] - root - Setting up database connection to postgresql://postgres:7987@localhost:5432/Voice_Recognition
2025-04-10 14:18:10,703 - INFO - [89177] - root - Database setup successful
2025-04-10 14:18:10,704 - INFO - [89177] - root - Database session initialized
2025-04-10 14:18:10,704 - INFO - [89177] - root - Starting audio preprocessing
2025-04-10 14:18:11,418 - INFO - [89177] - root - Audio preprocessing completed in 0.7143 seconds
2025-04-10 14:18:11,418 - INFO - [89177] - root - Starting audio transcription in ar
2025-04-10 14:18:11,418 - INFO - [89177] - root - Starting parallel audio processing with 3 workers
2025-04-10 14:18:11,418 - INFO - [89177] - root - Splitting audio file /var/folders/9h/zs4mvmp91456_d2n2hqf6wzc0000gn/T/tmppxtuxz9m/processed_audio.wav into chunks of 20000ms
2025-04-10 14:18:11,430 - INFO - [89177] - root - Created 3 audio chunks
2025-04-10 14:18:11,430 - INFO - [89177] - root - Processing audio chunk: /var/folders/9h/zs4mvmp91456_d2n2hqf6wzc0000gn/T/tmppxtuxz9m/processed_audio.wav_chunk_0.wav
2025-04-10 14:18:11,430 - INFO - [89177] - root - Processing audio chunk: /var/folders/9h/zs4mvmp91456_d2n2hqf6wzc0000gn/T/tmppxtuxz9m/processed_audio.wav_chunk_20000.wav
2025-04-10 14:18:11,431 - INFO - [89177] - root - Processing audio chunk: /var/folders/9h/zs4mvmp91456_d2n2hqf6wzc0000gn/T/tmppxtuxz9m/processed_audio.wav_chunk_40000.wav
2025-04-10 14:18:15,349 - INFO - [89177] - httpx - HTTP Request: POST https://api.groq.com/openai/v1/audio/transcriptions "HTTP/1.1 200 OK"
2025-04-10 14:18:15,353 - INFO - [89177] - root - Removed chunk /var/folders/9h/zs4mvmp91456_d2n2hqf6wzc0000gn/T/tmppxtuxz9m/processed_audio.wav_chunk_40000.wav
2025-04-10 14:18:16,527 - INFO - [89177] - httpx - HTTP Request: POST https://api.groq.com/openai/v1/audio/transcriptions "HTTP/1.1 200 OK"
2025-04-10 14:18:16,530 - INFO - [89177] - root - Removed chunk /var/folders/9h/zs4mvmp91456_d2n2hqf6wzc0000gn/T/tmppxtuxz9m/processed_audio.wav_chunk_0.wav
2025-04-10 14:18:16,530 - INFO - [89177] - root - Chunk 0 processing completed
2025-04-10 14:18:17,664 - INFO - [89177] - httpx - HTTP Request: POST https://api.groq.com/openai/v1/audio/transcriptions "HTTP/1.1 200 OK"
2025-04-10 14:18:17,665 - INFO - [89177] - root - Removed chunk /var/folders/9h/zs4mvmp91456_d2n2hqf6wzc0000gn/T/tmppxtuxz9m/processed_audio.wav_chunk_20000.wav
2025-04-10 14:18:17,665 - INFO - [89177] - root - Chunk 1 processing completed
2025-04-10 14:18:17,665 - INFO - [89177] - root - Chunk 2 processing completed
2025-04-10 14:18:17,665 - INFO - [89177] - root - Parallel processing completed, combined text length: 581
2025-04-10 14:18:17,665 - INFO - [89177] - root - Audio transcription completed in 6.2471 seconds, text length: 581
2025-04-10 14:18:17,666 - INFO - [89177] - root - Starting LLM processing
2025-04-10 14:18:20,765 - INFO - [89177] - httpx - HTTP Request: POST https://api.fireworks.ai/inference/v1/completions "HTTP/1.1 200 OK"
2025-04-10 14:18:20,770 - INFO - [89177] - root - LLM refining processing completed in 3.1044 seconds
2025-04-10 14:18:20,770 - INFO - [89177] - root - Starting LLM processing
2025-04-10 14:18:25,858 - INFO - [89177] - httpx - HTTP Request: POST https://api.fireworks.ai/inference/v1/completions "HTTP/1.1 200 OK"
2025-04-10 14:18:25,863 - INFO - [89177] - root - LLM translation processing completed in 5.0932 seconds
2025-04-10 14:18:25,864 - INFO - [89177] - root - Starting LLM processing
2025-04-10 14:18:30,102 - INFO - [89177] - httpx - HTTP Request: POST https://api.fireworks.ai/inference/v1/completions "HTTP/1.1 200 OK"
2025-04-10 14:18:30,109 - INFO - [89177] - root - LLM processing completed in 4.2457 seconds
2025-04-10 14:18:30,110 - INFO - [89177] - root - Parsing refined text
2025-04-10 14:18:30,110 - INFO - [89177] - root - Total processing completed in 19.4066 seconds
2025-04-10 14:18:30,111 - INFO - [89177] - root - Removed processed file /var/folders/9h/zs4mvmp91456_d2n2hqf6wzc0000gn/T/tmppxtuxz9m/processed_audio.wav
2025-04-10 14:18:30,111 - INFO - [89177] - root - Saving results to database
2025-04-10 14:18:30,128 - INFO - [89177] - root - Results saved to database with ID 206
2025-04-10 14:18:30,129 - INFO - [89177] - root - Database session closed
2025-04-10 14:18:30,129 - INFO - [89177] - werkzeug - 127.0.0.1 - - [10/Apr/2025 14:18:30] "POST /upload HTTP/1.1" 200 -
2025-04-10 14:25:15,179 - INFO - [89177] - root - Received upload request
2025-04-10 14:25:15,182 - INFO - [89177] - root - Upload parameters: language=ar, streaming=False,conversational mode=True
2025-04-10 14:25:15,183 - INFO - [89177] - root - File saved to uploads/2aeb83e779a042baab4845a5768d52d7.m4a
2025-04-10 14:25:15,183 - INFO - [89177] - root - Starting batch processing mode
2025-04-10 14:25:15,183 - INFO - [89177] - root - Setting up database connection to postgresql://postgres:7987@localhost:5432/Voice_Recognition
2025-04-10 14:25:15,306 - INFO - [89177] - root - Database setup successful
2025-04-10 14:25:15,306 - INFO - [89177] - root - Database session initialized
2025-04-10 14:25:15,306 - INFO - [89177] - root - Starting audio preprocessing
2025-04-10 14:25:16,078 - INFO - [89177] - root - Audio preprocessing completed in 0.7714 seconds
2025-04-10 14:25:16,078 - INFO - [89177] - root - Starting audio transcription in ar
2025-04-10 14:25:16,078 - INFO - [89177] - root - Starting parallel audio processing with 3 workers
2025-04-10 14:25:16,078 - INFO - [89177] - root - Splitting audio file /var/folders/9h/zs4mvmp91456_d2n2hqf6wzc0000gn/T/tmpxnisvxxw/processed_audio.wav into chunks of 20000ms
2025-04-10 14:25:16,090 - INFO - [89177] - root - Created 3 audio chunks
2025-04-10 14:25:16,091 - INFO - [89177] - root - Processing audio chunk: /var/folders/9h/zs4mvmp91456_d2n2hqf6wzc0000gn/T/tmpxnisvxxw/processed_audio.wav_chunk_0.wav
2025-04-10 14:25:16,091 - INFO - [89177] - root - Processing audio chunk: /var/folders/9h/zs4mvmp91456_d2n2hqf6wzc0000gn/T/tmpxnisvxxw/processed_audio.wav_chunk_20000.wav
2025-04-10 14:25:16,093 - INFO - [89177] - root - Processing audio chunk: /var/folders/9h/zs4mvmp91456_d2n2hqf6wzc0000gn/T/tmpxnisvxxw/processed_audio.wav_chunk_40000.wav
2025-04-10 14:25:16,111 - INFO - [89177] - groq._base_client - Retrying request to /openai/v1/audio/transcriptions in 0.444502 seconds
2025-04-10 14:25:16,111 - INFO - [89177] - groq._base_client - Retrying request to /openai/v1/audio/transcriptions in 0.478216 seconds
2025-04-10 14:25:16,111 - INFO - [89177] - groq._base_client - Retrying request to /openai/v1/audio/transcriptions in 0.396204 seconds
2025-04-10 14:25:16,515 - INFO - [89177] - groq._base_client - Retrying request to /openai/v1/audio/transcriptions in 0.780332 seconds
2025-04-10 14:25:16,564 - INFO - [89177] - groq._base_client - Retrying request to /openai/v1/audio/transcriptions in 0.933580 seconds
2025-04-10 14:25:16,598 - INFO - [89177] - groq._base_client - Retrying request to /openai/v1/audio/transcriptions in 0.813512 seconds
2025-04-10 14:25:17,304 - ERROR - [89177] - root - Error processing chunk /var/folders/9h/zs4mvmp91456_d2n2hqf6wzc0000gn/T/tmpxnisvxxw/processed_audio.wav_chunk_40000.wav: Audio transcription failed: Connection error.
2025-04-10 14:25:17,306 - INFO - [89177] - root - Removed chunk /var/folders/9h/zs4mvmp91456_d2n2hqf6wzc0000gn/T/tmpxnisvxxw/processed_audio.wav_chunk_40000.wav after error
2025-04-10 14:25:17,419 - ERROR - [89177] - root - Error processing chunk /var/folders/9h/zs4mvmp91456_d2n2hqf6wzc0000gn/T/tmpxnisvxxw/processed_audio.wav_chunk_20000.wav: Audio transcription failed: Connection error.
2025-04-10 14:25:17,420 - INFO - [89177] - root - Removed chunk /var/folders/9h/zs4mvmp91456_d2n2hqf6wzc0000gn/T/tmpxnisvxxw/processed_audio.wav_chunk_20000.wav after error
2025-04-10 14:25:17,507 - ERROR - [89177] - root - Error processing chunk /var/folders/9h/zs4mvmp91456_d2n2hqf6wzc0000gn/T/tmpxnisvxxw/processed_audio.wav_chunk_0.wav: Audio transcription failed: Connection error.
2025-04-10 14:25:17,508 - INFO - [89177] - root - Removed chunk /var/folders/9h/zs4mvmp91456_d2n2hqf6wzc0000gn/T/tmpxnisvxxw/processed_audio.wav_chunk_0.wav after error
2025-04-10 14:25:17,509 - INFO - [89177] - root - Chunk 0 processing completed
2025-04-10 14:25:17,509 - INFO - [89177] - root - Chunk 1 processing completed
2025-04-10 14:25:17,509 - INFO - [89177] - root - Chunk 2 processing completed
2025-04-10 14:25:17,510 - INFO - [89177] - root - Parallel processing completed, combined text length: 0
2025-04-10 14:25:17,510 - INFO - [89177] - root - Audio transcription completed in 1.4320 seconds, text length: 0
2025-04-10 14:25:17,510 - INFO - [89177] - root - Starting LLM processing
2025-04-10 14:25:17,546 - ERROR - [89177] - root - Error in batch processing: LLM processing failed: [Errno 8] nodename nor servname provided, or not known
Traceback (most recent call last):
  File "/Users/muhammedamr/Desktop/AHBS/Refined_whisper/venv/lib/python3.11/site-packages/httpx/_transports/default.py", line 101, in map_httpcore_exceptions
    yield
  File "/Users/muhammedamr/Desktop/AHBS/Refined_whisper/venv/lib/python3.11/site-packages/httpx/_transports/default.py", line 250, in handle_request
    resp = self._pool.handle_request(req)
           ^^^^^^^^^^^^^^^^^^^^^^^^^^^^^^
  File "/Users/muhammedamr/Desktop/AHBS/Refined_whisper/venv/lib/python3.11/site-packages/httpcore/_sync/connection_pool.py", line 256, in handle_request
    raise exc from None
  File "/Users/muhammedamr/Desktop/AHBS/Refined_whisper/venv/lib/python3.11/site-packages/httpcore/_sync/connection_pool.py", line 236, in handle_request
    response = connection.handle_request(
               ^^^^^^^^^^^^^^^^^^^^^^^^^^
  File "/Users/muhammedamr/Desktop/AHBS/Refined_whisper/venv/lib/python3.11/site-packages/httpcore/_sync/connection.py", line 101, in handle_request
    raise exc
  File "/Users/muhammedamr/Desktop/AHBS/Refined_whisper/venv/lib/python3.11/site-packages/httpcore/_sync/connection.py", line 78, in handle_request
    stream = self._connect(request)
             ^^^^^^^^^^^^^^^^^^^^^^
  File "/Users/muhammedamr/Desktop/AHBS/Refined_whisper/venv/lib/python3.11/site-packages/httpcore/_sync/connection.py", line 124, in _connect
    stream = self._network_backend.connect_tcp(**kwargs)
             ^^^^^^^^^^^^^^^^^^^^^^^^^^^^^^^^^^^^^^^^^^^
  File "/Users/muhammedamr/Desktop/AHBS/Refined_whisper/venv/lib/python3.11/site-packages/httpcore/_backends/sync.py", line 207, in connect_tcp
    with map_exceptions(exc_map):
  File "/opt/homebrew/Cellar/python@3.11/3.11.11/Frameworks/Python.framework/Versions/3.11/lib/python3.11/contextlib.py", line 158, in __exit__
    self.gen.throw(typ, value, traceback)
  File "/Users/muhammedamr/Desktop/AHBS/Refined_whisper/venv/lib/python3.11/site-packages/httpcore/_exceptions.py", line 14, in map_exceptions
    raise to_exc(exc) from exc
httpcore.ConnectError: [Errno 8] nodename nor servname provided, or not known

The above exception was the direct cause of the following exception:

Traceback (most recent call last):
  File "/Users/muhammedamr/Desktop/AHBS/Voice recognition/src/llm_service.py", line 134, in refine_ar_transcribtion
    response = fireworks.client.Completion.create(
               ^^^^^^^^^^^^^^^^^^^^^^^^^^^^^^^^^^^
  File "/Users/muhammedamr/Desktop/AHBS/Refined_whisper/venv/lib/python3.11/site-packages/fireworks/client/base_completion.py", line 81, in create
    return cls._create_non_streaming(
           ^^^^^^^^^^^^^^^^^^^^^^^^^^
  File "/Users/muhammedamr/Desktop/AHBS/Refined_whisper/venv/lib/python3.11/site-packages/fireworks/client/base_completion.py", line 180, in _create_non_streaming
    response = client.post_request_non_streaming(
               ^^^^^^^^^^^^^^^^^^^^^^^^^^^^^^^^^^
  File "/Users/muhammedamr/Desktop/AHBS/Refined_whisper/venv/lib/python3.11/site-packages/fireworks/client/api_client.py", line 159, in post_request_non_streaming
    response = self._client.post(
               ^^^^^^^^^^^^^^^^^^
  File "/Users/muhammedamr/Desktop/AHBS/Refined_whisper/venv/lib/python3.11/site-packages/httpx/_client.py", line 1144, in post
    return self.request(
           ^^^^^^^^^^^^^
  File "/Users/muhammedamr/Desktop/AHBS/Refined_whisper/venv/lib/python3.11/site-packages/httpx/_client.py", line 825, in request
    return self.send(request, auth=auth, follow_redirects=follow_redirects)
           ^^^^^^^^^^^^^^^^^^^^^^^^^^^^^^^^^^^^^^^^^^^^^^^^^^^^^^^^^^^^^^^^
  File "/Users/muhammedamr/Desktop/AHBS/Refined_whisper/venv/lib/python3.11/site-packages/httpx/_client.py", line 914, in send
    response = self._send_handling_auth(
               ^^^^^^^^^^^^^^^^^^^^^^^^^
  File "/Users/muhammedamr/Desktop/AHBS/Refined_whisper/venv/lib/python3.11/site-packages/httpx/_client.py", line 942, in _send_handling_auth
    response = self._send_handling_redirects(
               ^^^^^^^^^^^^^^^^^^^^^^^^^^^^^^
  File "/Users/muhammedamr/Desktop/AHBS/Refined_whisper/venv/lib/python3.11/site-packages/httpx/_client.py", line 979, in _send_handling_redirects
    response = self._send_single_request(request)
               ^^^^^^^^^^^^^^^^^^^^^^^^^^^^^^^^^^
  File "/Users/muhammedamr/Desktop/AHBS/Refined_whisper/venv/lib/python3.11/site-packages/httpx/_client.py", line 1014, in _send_single_request
    response = transport.handle_request(request)
               ^^^^^^^^^^^^^^^^^^^^^^^^^^^^^^^^^
  File "/Users/muhammedamr/Desktop/AHBS/Refined_whisper/venv/lib/python3.11/site-packages/httpx/_transports/default.py", line 249, in handle_request
    with map_httpcore_exceptions():
  File "/opt/homebrew/Cellar/python@3.11/3.11.11/Frameworks/Python.framework/Versions/3.11/lib/python3.11/contextlib.py", line 158, in __exit__
    self.gen.throw(typ, value, traceback)
  File "/Users/muhammedamr/Desktop/AHBS/Refined_whisper/venv/lib/python3.11/site-packages/httpx/_transports/default.py", line 118, in map_httpcore_exceptions
    raise mapped_exc(message) from exc
httpx.ConnectError: [Errno 8] nodename nor servname provided, or not known

During handling of the above exception, another exception occurred:

Traceback (most recent call last):
  File "/Users/muhammedamr/Desktop/AHBS/Voice recognition/test.py", line 412, in upload
    refined_text = LLMService.refine_ar_transcribtion(
                   ^^^^^^^^^^^^^^^^^^^^^^^^^^^^^^^^^^^
  File "/Users/muhammedamr/Desktop/AHBS/Voice recognition/src/llm_service.py", line 146, in refine_ar_transcribtion
    raise Exception(f"LLM processing failed: {str(e)}")
Exception: LLM processing failed: [Errno 8] nodename nor servname provided, or not known
2025-04-10 14:25:17,561 - INFO - [89177] - root - Database session rolled back
2025-04-10 14:25:17,561 - INFO - [89177] - root - Cleaned up file uploads/2aeb83e779a042baab4845a5768d52d7.m4a
2025-04-10 14:25:17,562 - INFO - [89177] - root - Removed processed file /var/folders/9h/zs4mvmp91456_d2n2hqf6wzc0000gn/T/tmpxnisvxxw/processed_audio.wav
2025-04-10 14:25:17,565 - INFO - [89177] - root - Database session closed
2025-04-10 14:25:17,565 - INFO - [89177] - werkzeug - 127.0.0.1 - - [10/Apr/2025 14:25:17] "[35m[1mPOST /upload HTTP/1.1[0m" 500 -
2025-04-10 14:25:53,190 - INFO - [89177] - root - Received upload request
2025-04-10 14:25:53,198 - INFO - [89177] - root - Upload parameters: language=ar, streaming=False,conversational mode=True
2025-04-10 14:25:53,200 - INFO - [89177] - root - File saved to uploads/c9ff02382aa64635a5c1213ebc3dd450.m4a
2025-04-10 14:25:53,200 - INFO - [89177] - root - Starting batch processing mode
2025-04-10 14:25:53,200 - INFO - [89177] - root - Setting up database connection to postgresql://postgres:7987@localhost:5432/Voice_Recognition
2025-04-10 14:25:53,401 - INFO - [89177] - root - Database setup successful
2025-04-10 14:25:53,401 - INFO - [89177] - root - Database session initialized
2025-04-10 14:25:53,401 - INFO - [89177] - root - Starting audio preprocessing
2025-04-10 14:25:54,129 - INFO - [89177] - root - Audio preprocessing completed in 0.7271 seconds
2025-04-10 14:25:54,129 - INFO - [89177] - root - Starting audio transcription in ar
2025-04-10 14:25:54,129 - INFO - [89177] - root - Starting parallel audio processing with 3 workers
2025-04-10 14:25:54,129 - INFO - [89177] - root - Splitting audio file /var/folders/9h/zs4mvmp91456_d2n2hqf6wzc0000gn/T/tmpppkz719v/processed_audio.wav into chunks of 20000ms
2025-04-10 14:25:54,141 - INFO - [89177] - root - Created 3 audio chunks
2025-04-10 14:25:54,142 - INFO - [89177] - root - Processing audio chunk: /var/folders/9h/zs4mvmp91456_d2n2hqf6wzc0000gn/T/tmpppkz719v/processed_audio.wav_chunk_0.wav
2025-04-10 14:25:54,142 - INFO - [89177] - root - Processing audio chunk: /var/folders/9h/zs4mvmp91456_d2n2hqf6wzc0000gn/T/tmpppkz719v/processed_audio.wav_chunk_20000.wav
2025-04-10 14:25:54,143 - INFO - [89177] - root - Processing audio chunk: /var/folders/9h/zs4mvmp91456_d2n2hqf6wzc0000gn/T/tmpppkz719v/processed_audio.wav_chunk_40000.wav
2025-04-10 14:25:59,556 - INFO - [89177] - httpx - HTTP Request: POST https://api.groq.com/openai/v1/audio/transcriptions "HTTP/1.1 200 OK"
2025-04-10 14:25:59,560 - INFO - [89177] - root - Removed chunk /var/folders/9h/zs4mvmp91456_d2n2hqf6wzc0000gn/T/tmpppkz719v/processed_audio.wav_chunk_20000.wav
2025-04-10 14:26:00,093 - INFO - [89177] - httpx - HTTP Request: POST https://api.groq.com/openai/v1/audio/transcriptions "HTTP/1.1 200 OK"
2025-04-10 14:26:00,096 - INFO - [89177] - root - Removed chunk /var/folders/9h/zs4mvmp91456_d2n2hqf6wzc0000gn/T/tmpppkz719v/processed_audio.wav_chunk_40000.wav
2025-04-10 14:26:00,307 - INFO - [89177] - httpx - HTTP Request: POST https://api.groq.com/openai/v1/audio/transcriptions "HTTP/1.1 200 OK"
2025-04-10 14:26:00,308 - INFO - [89177] - root - Removed chunk /var/folders/9h/zs4mvmp91456_d2n2hqf6wzc0000gn/T/tmpppkz719v/processed_audio.wav_chunk_0.wav
2025-04-10 14:26:00,309 - INFO - [89177] - root - Chunk 0 processing completed
2025-04-10 14:26:00,309 - INFO - [89177] - root - Chunk 1 processing completed
2025-04-10 14:26:00,309 - INFO - [89177] - root - Chunk 2 processing completed
2025-04-10 14:26:00,309 - INFO - [89177] - root - Parallel processing completed, combined text length: 581
2025-04-10 14:26:00,309 - INFO - [89177] - root - Audio transcription completed in 6.1803 seconds, text length: 581
2025-04-10 14:26:00,309 - INFO - [89177] - root - Starting LLM processing
2025-04-10 14:26:03,898 - INFO - [89177] - httpx - HTTP Request: POST https://api.fireworks.ai/inference/v1/completions "HTTP/1.1 200 OK"
2025-04-10 14:26:03,905 - INFO - [89177] - root - LLM refining processing completed in 3.5957 seconds
2025-04-10 14:26:03,905 - INFO - [89177] - root - Starting LLM processing
2025-04-10 14:26:06,839 - INFO - [89177] - httpx - HTTP Request: POST https://api.fireworks.ai/inference/v1/completions "HTTP/1.1 200 OK"
2025-04-10 14:26:06,844 - INFO - [89177] - root - LLM translation processing completed in 2.9387 seconds
2025-04-10 14:26:06,844 - INFO - [89177] - root - Starting LLM processing
2025-04-10 14:26:15,342 - INFO - [89177] - httpx - HTTP Request: POST https://api.fireworks.ai/inference/v1/completions "HTTP/1.1 200 OK"
2025-04-10 14:26:15,353 - INFO - [89177] - root - LLM processing completed in 8.5083 seconds
2025-04-10 14:26:15,353 - INFO - [89177] - root - Parsing refined text
2025-04-10 14:26:15,354 - INFO - [89177] - root - Total processing completed in 21.9522 seconds
2025-04-10 14:26:15,355 - INFO - [89177] - root - Removed processed file /var/folders/9h/zs4mvmp91456_d2n2hqf6wzc0000gn/T/tmpppkz719v/processed_audio.wav
2025-04-10 14:26:15,355 - INFO - [89177] - root - Saving results to database
2025-04-10 14:26:15,399 - INFO - [89177] - root - Results saved to database with ID 207
2025-04-10 14:26:15,400 - INFO - [89177] - root - Database session closed
2025-04-10 14:26:15,401 - INFO - [89177] - werkzeug - 127.0.0.1 - - [10/Apr/2025 14:26:15] "POST /upload HTTP/1.1" 200 -
2025-04-10 14:27:29,937 - INFO - [89177] - root - Received upload request
2025-04-10 14:27:29,941 - INFO - [89177] - root - Upload parameters: language=ar, streaming=False,conversational mode=True
2025-04-10 14:27:29,942 - INFO - [89177] - root - File saved to uploads/c57e5f77de6347d29ffea0bb1aa3b860.m4a
2025-04-10 14:27:29,942 - INFO - [89177] - root - Starting batch processing mode
2025-04-10 14:27:29,942 - INFO - [89177] - root - Setting up database connection to postgresql://postgres:7987@localhost:5432/Voice_Recognition
2025-04-10 14:27:30,013 - INFO - [89177] - root - Database setup successful
2025-04-10 14:27:30,013 - INFO - [89177] - root - Database session initialized
2025-04-10 14:27:30,013 - INFO - [89177] - root - Starting audio preprocessing
2025-04-10 14:27:30,704 - INFO - [89177] - root - Audio preprocessing completed in 0.6907 seconds
2025-04-10 14:27:30,704 - INFO - [89177] - root - Starting audio transcription in ar
2025-04-10 14:27:30,704 - INFO - [89177] - root - Starting parallel audio processing with 3 workers
2025-04-10 14:27:30,704 - INFO - [89177] - root - Splitting audio file /var/folders/9h/zs4mvmp91456_d2n2hqf6wzc0000gn/T/tmpcx1srbx5/processed_audio.wav into chunks of 20000ms
2025-04-10 14:27:30,714 - INFO - [89177] - root - Created 3 audio chunks
2025-04-10 14:27:30,715 - INFO - [89177] - root - Processing audio chunk: /var/folders/9h/zs4mvmp91456_d2n2hqf6wzc0000gn/T/tmpcx1srbx5/processed_audio.wav_chunk_0.wav
2025-04-10 14:27:30,715 - INFO - [89177] - root - Processing audio chunk: /var/folders/9h/zs4mvmp91456_d2n2hqf6wzc0000gn/T/tmpcx1srbx5/processed_audio.wav_chunk_20000.wav
2025-04-10 14:27:30,716 - INFO - [89177] - root - Processing audio chunk: /var/folders/9h/zs4mvmp91456_d2n2hqf6wzc0000gn/T/tmpcx1srbx5/processed_audio.wav_chunk_40000.wav
2025-04-10 14:27:30,844 - INFO - [89177] - root - Received upload request
2025-04-10 14:27:30,849 - INFO - [89177] - root - Upload parameters: language=ar, streaming=False,conversational mode=True
2025-04-10 14:27:30,851 - INFO - [89177] - root - File saved to uploads/b188f95a17f748a49052650be577eb7e.m4a
2025-04-10 14:27:30,851 - INFO - [89177] - root - Starting batch processing mode
2025-04-10 14:27:30,851 - INFO - [89177] - root - Setting up database connection to postgresql://postgres:7987@localhost:5432/Voice_Recognition
2025-04-10 14:27:30,874 - INFO - [89177] - root - Database setup successful
2025-04-10 14:27:30,874 - INFO - [89177] - root - Database session initialized
2025-04-10 14:27:30,874 - INFO - [89177] - root - Starting audio preprocessing
2025-04-10 14:27:31,442 - INFO - [89177] - root - Audio preprocessing completed in 0.5677 seconds
2025-04-10 14:27:31,442 - INFO - [89177] - root - Starting audio transcription in ar
2025-04-10 14:27:31,442 - INFO - [89177] - root - Starting parallel audio processing with 3 workers
2025-04-10 14:27:31,442 - INFO - [89177] - root - Splitting audio file /var/folders/9h/zs4mvmp91456_d2n2hqf6wzc0000gn/T/tmptqk47owt/processed_audio.wav into chunks of 20000ms
2025-04-10 14:27:31,450 - INFO - [89177] - root - Created 3 audio chunks
2025-04-10 14:27:31,451 - INFO - [89177] - root - Processing audio chunk: /var/folders/9h/zs4mvmp91456_d2n2hqf6wzc0000gn/T/tmptqk47owt/processed_audio.wav_chunk_0.wav
2025-04-10 14:27:31,451 - INFO - [89177] - root - Processing audio chunk: /var/folders/9h/zs4mvmp91456_d2n2hqf6wzc0000gn/T/tmptqk47owt/processed_audio.wav_chunk_20000.wav
2025-04-10 14:27:31,451 - INFO - [89177] - root - Processing audio chunk: /var/folders/9h/zs4mvmp91456_d2n2hqf6wzc0000gn/T/tmptqk47owt/processed_audio.wav_chunk_40000.wav
2025-04-10 14:27:35,785 - INFO - [89177] - httpx - HTTP Request: POST https://api.groq.com/openai/v1/audio/transcriptions "HTTP/1.1 200 OK"
2025-04-10 14:27:35,789 - INFO - [89177] - root - Removed chunk /var/folders/9h/zs4mvmp91456_d2n2hqf6wzc0000gn/T/tmptqk47owt/processed_audio.wav_chunk_40000.wav
2025-04-10 14:27:35,835 - INFO - [89177] - httpx - HTTP Request: POST https://api.groq.com/openai/v1/audio/transcriptions "HTTP/1.1 200 OK"
2025-04-10 14:27:35,837 - INFO - [89177] - root - Removed chunk /var/folders/9h/zs4mvmp91456_d2n2hqf6wzc0000gn/T/tmpcx1srbx5/processed_audio.wav_chunk_0.wav
2025-04-10 14:27:35,837 - INFO - [89177] - root - Chunk 0 processing completed
2025-04-10 14:27:35,841 - INFO - [89177] - groq._base_client - Retrying request to /openai/v1/audio/transcriptions in 0.491885 seconds
2025-04-10 14:27:35,908 - INFO - [89177] - httpx - HTTP Request: POST https://api.groq.com/openai/v1/audio/transcriptions "HTTP/1.1 200 OK"
2025-04-10 14:27:35,911 - INFO - [89177] - root - Removed chunk /var/folders/9h/zs4mvmp91456_d2n2hqf6wzc0000gn/T/tmpcx1srbx5/processed_audio.wav_chunk_20000.wav
2025-04-10 14:27:35,912 - INFO - [89177] - root - Chunk 1 processing completed
2025-04-10 14:27:39,452 - INFO - [89177] - httpx - HTTP Request: POST https://api.groq.com/openai/v1/audio/transcriptions "HTTP/1.1 200 OK"
2025-04-10 14:27:39,455 - INFO - [89177] - root - Removed chunk /var/folders/9h/zs4mvmp91456_d2n2hqf6wzc0000gn/T/tmptqk47owt/processed_audio.wav_chunk_20000.wav
2025-04-10 14:27:40,083 - INFO - [89177] - httpx - HTTP Request: POST https://api.groq.com/openai/v1/audio/transcriptions "HTTP/1.1 200 OK"
2025-04-10 14:27:40,086 - INFO - [89177] - root - Removed chunk /var/folders/9h/zs4mvmp91456_d2n2hqf6wzc0000gn/T/tmptqk47owt/processed_audio.wav_chunk_0.wav
2025-04-10 14:27:40,087 - INFO - [89177] - root - Chunk 0 processing completed
2025-04-10 14:27:40,087 - INFO - [89177] - root - Chunk 1 processing completed
2025-04-10 14:27:40,087 - INFO - [89177] - root - Chunk 2 processing completed
2025-04-10 14:27:40,087 - INFO - [89177] - root - Parallel processing completed, combined text length: 581
2025-04-10 14:27:40,088 - INFO - [89177] - root - Audio transcription completed in 8.6458 seconds, text length: 581
2025-04-10 14:27:40,088 - INFO - [89177] - root - Starting LLM processing
2025-04-10 14:27:42,485 - INFO - [89177] - httpx - HTTP Request: POST https://api.groq.com/openai/v1/audio/transcriptions "HTTP/1.1 200 OK"
2025-04-10 14:27:42,488 - INFO - [89177] - root - Removed chunk /var/folders/9h/zs4mvmp91456_d2n2hqf6wzc0000gn/T/tmpcx1srbx5/processed_audio.wav_chunk_40000.wav
2025-04-10 14:27:42,488 - INFO - [89177] - root - Chunk 2 processing completed
2025-04-10 14:27:42,489 - INFO - [89177] - root - Parallel processing completed, combined text length: 581
2025-04-10 14:27:42,489 - INFO - [89177] - root - Audio transcription completed in 11.7850 seconds, text length: 581
2025-04-10 14:27:42,489 - INFO - [89177] - root - Starting LLM processing
2025-04-10 14:27:48,634 - INFO - [89177] - httpx - HTTP Request: POST https://api.fireworks.ai/inference/v1/completions "HTTP/1.1 200 OK"
2025-04-10 14:27:48,640 - INFO - [89177] - root - LLM refining processing completed in 6.1510 seconds
2025-04-10 14:27:48,640 - INFO - [89177] - root - Starting LLM processing
2025-04-10 14:27:53,338 - INFO - [89177] - httpx - HTTP Request: POST https://api.fireworks.ai/inference/v1/completions "HTTP/1.1 200 OK"
2025-04-10 14:27:53,343 - INFO - [89177] - root - LLM translation processing completed in 4.7026 seconds
2025-04-10 14:27:53,343 - INFO - [89177] - root - Starting LLM processing
2025-04-10 14:27:59,585 - INFO - [89177] - httpx - HTTP Request: POST https://api.fireworks.ai/inference/v1/completions "HTTP/1.1 200 OK"
2025-04-10 14:27:59,592 - INFO - [89177] - root - LLM refining processing completed in 19.5042 seconds
2025-04-10 14:27:59,592 - INFO - [89177] - root - Starting LLM processing
2025-04-10 14:28:04,500 - INFO - [89177] - httpx - HTTP Request: POST https://api.fireworks.ai/inference/v1/completions "HTTP/1.1 200 OK"
2025-04-10 14:28:04,505 - INFO - [89177] - root - LLM processing completed in 11.1615 seconds
2025-04-10 14:28:04,505 - INFO - [89177] - root - Parsing refined text
2025-04-10 14:28:04,505 - INFO - [89177] - root - Total processing completed in 34.4921 seconds
2025-04-10 14:28:04,509 - INFO - [89177] - root - Removed processed file /var/folders/9h/zs4mvmp91456_d2n2hqf6wzc0000gn/T/tmpcx1srbx5/processed_audio.wav
2025-04-10 14:28:04,509 - INFO - [89177] - root - Saving results to database
2025-04-10 14:28:04,542 - INFO - [89177] - root - Results saved to database with ID 208
2025-04-10 14:28:04,543 - INFO - [89177] - root - Database session closed
2025-04-10 14:28:04,544 - INFO - [89177] - werkzeug - 127.0.0.1 - - [10/Apr/2025 14:28:04] "POST /upload HTTP/1.1" 200 -
2025-04-10 14:28:05,216 - INFO - [89177] - httpx - HTTP Request: POST https://api.fireworks.ai/inference/v1/completions "HTTP/1.1 200 OK"
2025-04-10 14:28:05,221 - INFO - [89177] - root - LLM translation processing completed in 5.6287 seconds
2025-04-10 14:28:05,222 - INFO - [89177] - root - Starting LLM processing
2025-04-10 14:28:18,026 - INFO - [89177] - httpx - HTTP Request: POST https://api.fireworks.ai/inference/v1/completions "HTTP/1.1 200 OK"
2025-04-10 14:28:18,035 - INFO - [89177] - root - LLM processing completed in 12.8126 seconds
2025-04-10 14:28:18,035 - INFO - [89177] - root - Parsing refined text
2025-04-10 14:28:18,035 - INFO - [89177] - root - Total processing completed in 47.1614 seconds
2025-04-10 14:28:18,040 - INFO - [89177] - root - Removed processed file /var/folders/9h/zs4mvmp91456_d2n2hqf6wzc0000gn/T/tmptqk47owt/processed_audio.wav
2025-04-10 14:28:18,040 - INFO - [89177] - root - Saving results to database
2025-04-10 14:28:18,059 - INFO - [89177] - root - Results saved to database with ID 209
2025-04-10 14:28:18,060 - INFO - [89177] - root - Database session closed
2025-04-10 14:28:18,061 - INFO - [89177] - werkzeug - 127.0.0.1 - - [10/Apr/2025 14:28:18] "POST /upload HTTP/1.1" 200 -
2025-04-10 14:28:42,037 - INFO - [89177] - root - Received upload request
2025-04-10 14:28:42,041 - INFO - [89177] - root - Upload parameters: language=ar, streaming=False,conversational mode=True
2025-04-10 14:28:42,043 - INFO - [89177] - root - File saved to uploads/5e4bd4c0b4c446babe57be45abae544d.m4a
2025-04-10 14:28:42,043 - INFO - [89177] - root - Starting batch processing mode
2025-04-10 14:28:42,043 - INFO - [89177] - root - Setting up database connection to postgresql://postgres:7987@localhost:5432/Voice_Recognition
2025-04-10 14:28:42,104 - INFO - [89177] - root - Database setup successful
2025-04-10 14:28:42,104 - INFO - [89177] - root - Database session initialized
2025-04-10 14:28:42,104 - INFO - [89177] - root - Starting audio preprocessing
2025-04-10 14:28:42,821 - INFO - [89177] - root - Audio preprocessing completed in 0.7169 seconds
2025-04-10 14:28:42,821 - INFO - [89177] - root - Starting audio transcription in ar
2025-04-10 14:28:42,821 - INFO - [89177] - root - Starting parallel audio processing with 3 workers
2025-04-10 14:28:42,821 - INFO - [89177] - root - Splitting audio file /var/folders/9h/zs4mvmp91456_d2n2hqf6wzc0000gn/T/tmp46o3h05_/processed_audio.wav into chunks of 20000ms
2025-04-10 14:28:42,831 - INFO - [89177] - root - Created 3 audio chunks
2025-04-10 14:28:42,832 - INFO - [89177] - root - Processing audio chunk: /var/folders/9h/zs4mvmp91456_d2n2hqf6wzc0000gn/T/tmp46o3h05_/processed_audio.wav_chunk_0.wav
2025-04-10 14:28:42,832 - INFO - [89177] - root - Processing audio chunk: /var/folders/9h/zs4mvmp91456_d2n2hqf6wzc0000gn/T/tmp46o3h05_/processed_audio.wav_chunk_20000.wav
2025-04-10 14:28:42,832 - INFO - [89177] - root - Processing audio chunk: /var/folders/9h/zs4mvmp91456_d2n2hqf6wzc0000gn/T/tmp46o3h05_/processed_audio.wav_chunk_40000.wav
2025-04-10 14:28:47,816 - INFO - [89177] - httpx - HTTP Request: POST https://api.groq.com/openai/v1/audio/transcriptions "HTTP/1.1 200 OK"
2025-04-10 14:28:47,819 - INFO - [89177] - root - Removed chunk /var/folders/9h/zs4mvmp91456_d2n2hqf6wzc0000gn/T/tmp46o3h05_/processed_audio.wav_chunk_20000.wav
2025-04-10 14:28:47,901 - INFO - [89177] - httpx - HTTP Request: POST https://api.groq.com/openai/v1/audio/transcriptions "HTTP/1.1 200 OK"
2025-04-10 14:28:47,904 - INFO - [89177] - root - Removed chunk /var/folders/9h/zs4mvmp91456_d2n2hqf6wzc0000gn/T/tmp46o3h05_/processed_audio.wav_chunk_0.wav
2025-04-10 14:28:47,904 - INFO - [89177] - root - Chunk 0 processing completed
2025-04-10 14:28:47,904 - INFO - [89177] - root - Chunk 1 processing completed
2025-04-10 14:28:48,328 - INFO - [89177] - httpx - HTTP Request: POST https://api.groq.com/openai/v1/audio/transcriptions "HTTP/1.1 200 OK"
2025-04-10 14:28:48,328 - INFO - [89177] - root - Removed chunk /var/folders/9h/zs4mvmp91456_d2n2hqf6wzc0000gn/T/tmp46o3h05_/processed_audio.wav_chunk_40000.wav
2025-04-10 14:28:48,328 - INFO - [89177] - root - Chunk 2 processing completed
2025-04-10 14:28:48,328 - INFO - [89177] - root - Parallel processing completed, combined text length: 581
2025-04-10 14:28:48,329 - INFO - [89177] - root - Audio transcription completed in 5.5074 seconds, text length: 581
2025-04-10 14:28:48,329 - INFO - [89177] - root - Starting LLM processing
2025-04-10 14:28:51,816 - INFO - [89177] - httpx - HTTP Request: POST https://api.fireworks.ai/inference/v1/completions "HTTP/1.1 200 OK"
2025-04-10 14:28:51,821 - INFO - [89177] - root - LLM refining processing completed in 3.4924 seconds
2025-04-10 14:28:51,821 - INFO - [89177] - root - Starting LLM processing
2025-04-10 14:28:55,060 - INFO - [89177] - httpx - HTTP Request: POST https://api.fireworks.ai/inference/v1/completions "HTTP/1.1 200 OK"
2025-04-10 14:28:55,064 - INFO - [89177] - root - LLM translation processing completed in 3.2425 seconds
2025-04-10 14:28:55,064 - INFO - [89177] - root - Starting LLM processing
2025-04-10 14:28:59,694 - INFO - [89177] - httpx - HTTP Request: POST https://api.fireworks.ai/inference/v1/completions "HTTP/1.1 200 OK"
2025-04-10 14:28:59,700 - INFO - [89177] - root - LLM processing completed in 4.6363 seconds
2025-04-10 14:28:59,701 - INFO - [89177] - root - Parsing refined text
2025-04-10 14:28:59,701 - INFO - [89177] - root - Total processing completed in 17.5970 seconds
2025-04-10 14:28:59,702 - INFO - [89177] - root - Removed processed file /var/folders/9h/zs4mvmp91456_d2n2hqf6wzc0000gn/T/tmp46o3h05_/processed_audio.wav
2025-04-10 14:28:59,702 - INFO - [89177] - root - Saving results to database
2025-04-10 14:28:59,720 - INFO - [89177] - root - Results saved to database with ID 210
2025-04-10 14:28:59,721 - INFO - [89177] - root - Database session closed
2025-04-10 14:28:59,722 - INFO - [89177] - werkzeug - 127.0.0.1 - - [10/Apr/2025 14:28:59] "POST /upload HTTP/1.1" 200 -
2025-04-10 14:36:42,672 - INFO - [89177] - werkzeug -  * Detected change in '/Users/muhammedamr/Desktop/AHBS/Voice recognition/src/prompt.py', reloading
